control cases-forgejo-dev run1: n 11  front_any 11  front_cw 0  server_any 8  server_strict 8  server_cw 0  tool_cw 0  e2e_any 7  e2e_strict 6  median_sec 0.7  errors 0
control cases-forgejo-dev run2: n 11  front_any 11  front_cw 0  server_any 8  server_strict 8  server_cw 0  tool_cw 0  e2e_any 7  e2e_strict 6  median_sec 0.48  errors 0
control cases-forgejo-holdout run1: n 9  front_any 9  front_cw 0  server_any 7  server_strict 7  server_cw 0  tool_cw 0  e2e_any 6  e2e_strict 4  median_sec 0.43  errors 0
control cases-forgejo-holdout run2: n 9  front_any 9  front_cw 0  server_any 7  server_strict 7  server_cw 0  tool_cw 0  e2e_any 6  e2e_strict 4  median_sec 0.63  errors 0
s1a cases-forgejo-dev run1: n 11  front_any 11  front_cw 0  server_any 8  server_strict 8  server_cw 0  tool_cw 0  e2e_any 8  e2e_strict 7  median_sec 0.51  errors 0
s1a cases-forgejo-dev run2: n 11  front_any 11  front_cw 0  server_any 8  server_strict 8  server_cw 0  tool_cw 0  e2e_any 8  e2e_strict 6  median_sec 0.36  errors 0
s1a cases-forgejo-holdout run1: n 9  front_any 9  front_cw 0  server_any 7  server_strict 7  server_cw 0  tool_cw 0  e2e_any 6  e2e_strict 5  median_sec 0.51  errors 0
s1a cases-forgejo-holdout run2: n 9  front_any 9  front_cw 0  server_any 8  server_strict 7  server_cw 0  tool_cw 0  e2e_any 7  e2e_strict 5  median_sec 0.41  errors 0
s1b cases-forgejo-dev run1: n 11  front_any 11  front_cw 0  server_any 8  server_strict 8  server_cw 0  tool_cw 0  e2e_any 8  e2e_strict 7  median_sec 0.57  errors 0
s1b cases-forgejo-dev run2: n 11  front_any 11  front_cw 0  server_any 8  server_strict 8  server_cw 0  tool_cw 0  e2e_any 8  e2e_strict 6  median_sec 0.63  errors 0
s1b cases-forgejo-holdout run1: n 9  front_any 9  front_cw 0  server_any 8  server_strict 7  server_cw 0  tool_cw 0  e2e_any 6  e2e_strict 4  median_sec 0.48  errors 0
s1b cases-forgejo-holdout run2: n 9  front_any 9  front_cw 0  server_any 8  server_strict 6  server_cw 0  tool_cw 0  e2e_any 7  e2e_strict 4  median_sec 0.47  errors 0
s1c cases-forgejo-dev run1: n 11  front_any 11  front_cw 0  server_any 8  server_strict 8  server_cw 0  tool_cw 0  e2e_any 7  e2e_strict 6  median_sec 0.55  errors 0
s1c cases-forgejo-dev run2: n 11  front_any 11  front_cw 0  server_any 8  server_strict 8  server_cw 0  tool_cw 0  e2e_any 8  e2e_strict 7  median_sec 0.38  errors 0
s1c cases-forgejo-holdout run1: n 9  front_any 9  front_cw 0  server_any 5  server_strict 5  server_cw 0  tool_cw 0  e2e_any 3  e2e_strict 2  median_sec 0.49  errors 0
s1c cases-forgejo-holdout run2: n 9  front_any 9  front_cw 0  server_any 6  server_strict 5  server_cw 0  tool_cw 0  e2e_any 5  e2e_strict 3  median_sec 0.39  errors 0
t3-2b-c7f7191e dev run1: pass 26/40  pass_any 28  correct 40/40  confident_wrong 0  errors 0
t3-2b-c7f7191e dev run2: pass 28/40  pass_any 30  correct 40/40  confident_wrong 0  errors 0
t3-2b-c7f7191e holdout run1: pass 16/20  pass_any 16  correct 19/20  confident_wrong 1  errors 0
t3-2b-c7f7191e holdout run2: pass 16/20  pass_any 16  correct 19/20  confident_wrong 1  errors 0
t3-2b-c7f7191e tools_sha256 3cf703c0df88  n_tools 37  out evaluations/jevroute-beaver/rounds/t3-2b-c7f7191e
t3-3a-09a2005a dev run1: pass 28/40  pass_any 31  correct 40/40  confident_wrong 0  errors 0
t3-3a-09a2005a dev run2: pass 28/40  pass_any 31  correct 39/40  confident_wrong 0  errors 0
t3-3a-09a2005a holdout run1: pass 17/20  pass_any 17  correct 19/20  confident_wrong 0  errors 0
t3-3a-09a2005a holdout run2: pass 16/20  pass_any 17  correct 19/20  confident_wrong 0  errors 0
t3-3a-09a2005a tools_sha256 606fdb9568fb  n_tools 37  out evaluations/jevroute-beaver/rounds/t3-3a-09a2005a
t3-3b-a433b7da dev run1: pass 25/40  pass_any 30  correct 39/40  confident_wrong 0  errors 0
t3-3b-a433b7da dev run2: pass 26/40  pass_any 30  correct 39/40  confident_wrong 0  errors 0
t3-3b-a433b7da holdout run1: pass 16/20  pass_any 17  correct 19/20  confident_wrong 0  errors 0
t3-3b-a433b7da holdout run2: pass 16/20  pass_any 17  correct 19/20  confident_wrong 0  errors 0
t3-3b-a433b7da tools_sha256 15c50cb6b6e2  n_tools 37  out evaluations/jevroute-beaver/rounds/t3-3b-a433b7da
