control cases-signoz-dev run1: n 11  front_any 11  front_cw 0  server_any 3  server_strict 3  server_cw 0  tool_cw 1  e2e_any 2  e2e_strict 1  median_sec 0.61  errors 0
control cases-signoz-dev run2: n 11  front_any 11  front_cw 0  server_any 3  server_strict 3  server_cw 0  tool_cw 1  e2e_any 2  e2e_strict 1  median_sec 0.37  errors 0
control cases-signoz-holdout run1: n 9  front_any 8  front_cw 0  server_any 2  server_strict 2  server_cw 0  tool_cw 0  e2e_any 1  e2e_strict 1  median_sec 0.51  errors 0
control cases-signoz-holdout run2: n 9  front_any 8  front_cw 0  server_any 2  server_strict 2  server_cw 0  tool_cw 0  e2e_any 1  e2e_strict 1  median_sec 0.36  errors 0
control cases-nodestats-dev run1: n 11  front_any 11  front_cw 0  server_any 6  server_strict 5  server_cw 0  tool_cw 1  e2e_any 4  e2e_strict 1  median_sec 0.45  errors 0
control cases-nodestats-dev run2: n 11  front_any 11  front_cw 0  server_any 6  server_strict 5  server_cw 0  tool_cw 1  e2e_any 4  e2e_strict 1  median_sec 0.41  errors 0
control cases-nodestats-holdout run1: n 9  front_any 9  front_cw 0  server_any 4  server_strict 4  server_cw 0  tool_cw 0  e2e_any 4  e2e_strict 2  median_sec 0.33  errors 0
control cases-nodestats-holdout run2: n 9  front_any 9  front_cw 0  server_any 4  server_strict 4  server_cw 0  tool_cw 0  e2e_any 4  e2e_strict 2  median_sec 0.31  errors 0
1a cases-signoz-dev run1: n 11  front_any 11  front_cw 0  server_any 9  server_strict 9  server_cw 0  tool_cw 0  e2e_any 9  e2e_strict 5  median_sec 0.51  errors 0
1a cases-signoz-dev run2: n 11  front_any 11  front_cw 0  server_any 9  server_strict 9  server_cw 0  tool_cw 0  e2e_any 8  e2e_strict 5  median_sec 0.49  errors 0
1a cases-signoz-holdout run1: n 9  front_any 8  front_cw 0  server_any 4  server_strict 4  server_cw 0  tool_cw 0  e2e_any 3  e2e_strict 3  median_sec 0.42  errors 0
1a cases-signoz-holdout run2: n 9  front_any 9  front_cw 0  server_any 4  server_strict 4  server_cw 0  tool_cw 0  e2e_any 3  e2e_strict 3  median_sec 0.42  errors 0
1a cases-nodestats-dev run1: n 11  front_any 11  front_cw 0  server_any 4  server_strict 4  server_cw 2  tool_cw 1  e2e_any 2  e2e_strict 1  median_sec 0.33  errors 0
1a cases-nodestats-dev run2: n 11  front_any 11  front_cw 0  server_any 5  server_strict 5  server_cw 1  tool_cw 1  e2e_any 3  e2e_strict 1  median_sec 0.32  errors 0
1a cases-nodestats-holdout run1: n 9  front_any 9  front_cw 0  server_any 2  server_strict 2  server_cw 0  tool_cw 1  e2e_any 2  e2e_strict 2  median_sec 0.41  errors 0
1a cases-nodestats-holdout run2: n 9  front_any 9  front_cw 0  server_any 3  server_strict 3  server_cw 0  tool_cw 0  e2e_any 3  e2e_strict 2  median_sec 0.39  errors 0
1b cases-signoz-dev run1: n 11  front_any 11  front_cw 0  server_any 9  server_strict 9  server_cw 0  tool_cw 0  e2e_any 9  e2e_strict 5  median_sec 0.37  errors 0
1b cases-signoz-dev run2: n 11  front_any 11  front_cw 0  server_any 9  server_strict 9  server_cw 0  tool_cw 0  e2e_any 9  e2e_strict 5  median_sec 0.45  errors 0
1b cases-signoz-holdout run1: n 9  front_any 8  front_cw 0  server_any 5  server_strict 5  server_cw 0  tool_cw 0  e2e_any 3  e2e_strict 3  median_sec 0.32  errors 0
1b cases-signoz-holdout run2: n 9  front_any 8  front_cw 0  server_any 5  server_strict 5  server_cw 0  tool_cw 0  e2e_any 3  e2e_strict 3  median_sec 0.46  errors 0
1b cases-nodestats-dev run1: n 11  front_any 11  front_cw 0  server_any 6  server_strict 5  server_cw 1  tool_cw 1  e2e_any 4  e2e_strict 1  median_sec 0.4  errors 0
1b cases-nodestats-dev run2: n 11  front_any 11  front_cw 0  server_any 6  server_strict 4  server_cw 1  tool_cw 1  e2e_any 5  e2e_strict 1  median_sec 0.39  errors 0
1b cases-nodestats-holdout run1: n 9  front_any 9  front_cw 0  server_any 3  server_strict 3  server_cw 0  tool_cw 0  e2e_any 3  e2e_strict 2  median_sec 0.35  errors 0
1b cases-nodestats-holdout run2: n 9  front_any 9  front_cw 0  server_any 3  server_strict 3  server_cw 0  tool_cw 0  e2e_any 3  e2e_strict 2  median_sec 0.31  errors 0
1c cases-signoz-dev run1: n 11  front_any 11  front_cw 0  server_any 9  server_strict 9  server_cw 0  tool_cw 0  e2e_any 9  e2e_strict 5  median_sec 0.37  errors 0
1c cases-signoz-dev run2: n 11  front_any 11  front_cw 0  server_any 9  server_strict 9  server_cw 0  tool_cw 0  e2e_any 8  e2e_strict 5  median_sec 0.36  errors 0
1c cases-signoz-holdout run1: n 9  front_any 8  front_cw 0  server_any 6  server_strict 6  server_cw 0  tool_cw 0  e2e_any 3  e2e_strict 3  median_sec 0.37  errors 0
1c cases-signoz-holdout run2: n 9  front_any 8  front_cw 0  server_any 6  server_strict 5  server_cw 0  tool_cw 0  e2e_any 3  e2e_strict 3  median_sec 0.4  errors 0
1c cases-nodestats-dev run1: n 11  front_any 11  front_cw 0  server_any 4  server_strict 4  server_cw 1  tool_cw 0  e2e_any 3  e2e_strict 1  median_sec 0.41  errors 0
1c cases-nodestats-dev run2: n 11  front_any 11  front_cw 0  server_any 5  server_strict 4  server_cw 1  tool_cw 1  e2e_any 3  e2e_strict 1  median_sec 0.36  errors 0
1c cases-nodestats-holdout run1: n 9  front_any 9  front_cw 0  server_any 3  server_strict 3  server_cw 0  tool_cw 0  e2e_any 3  e2e_strict 2  median_sec 0.34  errors 0
1c cases-nodestats-holdout run2: n 9  front_any 9  front_cw 0  server_any 3  server_strict 3  server_cw 0  tool_cw 1  e2e_any 3  e2e_strict 2  median_sec 0.36  errors 0
