te1-control-live dev run1: pass 14/21  pass_any 18  correct 19/21  confident_wrong 0  errors 0
te1-control-live dev run2: pass 15/21  pass_any 18  correct 19/21  confident_wrong 0  errors 0
te1-control-live holdout run1: pass 7/10  pass_any 8  correct 8/10  confident_wrong 0  errors 0
te1-control-live holdout run2: pass 7/10  pass_any 8  correct 8/10  confident_wrong 0  errors 0
te1-control-live tools_sha256 ddcb5c1c3048  n_tools 13  out evaluations/jevroute-beaver/rounds/te1-control-live
te1-1a-891e9dbd dev run1: pass 11/21  pass_any 17  correct 20/21  confident_wrong 0  errors 0
te1-1a-891e9dbd dev run2: pass 14/21  pass_any 18  correct 19/21  confident_wrong 0  errors 0
te1-1a-891e9dbd holdout run1: pass 6/10  pass_any 7  correct 9/10  confident_wrong 0  errors 0
te1-1a-891e9dbd holdout run2: pass 6/10  pass_any 7  correct 9/10  confident_wrong 0  errors 0
te1-1a-891e9dbd tools_sha256 f31462217690  n_tools 13  out evaluations/jevroute-beaver/rounds/te1-1a-891e9dbd
te1-1b-353c1049 dev run1: pass 14/21  pass_any 17  correct 20/21  confident_wrong 0  errors 0
te1-1b-353c1049 dev run2: pass 13/21  pass_any 18  correct 20/21  confident_wrong 0  errors 0
te1-1b-353c1049 holdout run1: pass 6/10  pass_any 7  correct 9/10  confident_wrong 1  errors 0
te1-1b-353c1049 holdout run2: pass 5/10  pass_any 7  correct 9/10  confident_wrong 0  errors 0
te1-1b-353c1049 tools_sha256 a86bc97c3422  n_tools 13  out evaluations/jevroute-beaver/rounds/te1-1b-353c1049
te1-1c-8cc1b4f5 dev run1: pass 14/21  pass_any 17  correct 19/21  confident_wrong 0  errors 0
te1-1c-8cc1b4f5 dev run2: pass 14/21  pass_any 18  correct 19/21  confident_wrong 0  errors 0
te1-1c-8cc1b4f5 holdout run1: pass 6/10  pass_any 8  correct 8/10  confident_wrong 1  errors 0
te1-1c-8cc1b4f5 holdout run2: pass 6/10  pass_any 7  correct 9/10  confident_wrong 1  errors 0
te1-1c-8cc1b4f5 tools_sha256 bfd858b54b8e  n_tools 13  out evaluations/jevroute-beaver/rounds/te1-1c-8cc1b4f5
